[01:33:23] [main/INFO]: Environment: authHost='https://authserver.mojang.com', accountsHost='https://api.mojang.com', sessionHost='https://sessionserver.mojang.com', servicesHost='https://api.minecraftservices.com', name='PROD'
[01:33:23] [main/INFO]: Reloading ResourceManager: Default, bukkit
[01:33:24] [Worker-Main-2/INFO]: Loaded 7 recipes
[01:33:25] [Server thread/INFO]: Starting minecraft server version 1.16.5
[01:33:25] [Server thread/INFO]: Loading properties
[01:33:25] [Server thread/INFO]: This server is running Paper version git-Paper-794 (MC: 1.16.5) (Implementing API version 1.16.5-R0.1-SNAPSHOT)
[01:33:25] [Server thread/INFO]: Debug logging is disabled
[01:33:25] [Server thread/INFO]: Server Ping Player Sample Count: 12
[01:33:25] [Server thread/INFO]: Using 4 threads for Netty based IO
[01:33:25] [Server thread/INFO]: Default game type: SURVIVAL
[01:33:25] [Server thread/INFO]: Generating keypair
[01:33:25] [Server thread/INFO]: Starting Minecraft server on *:25565
[01:33:25] [Server thread/INFO]: Using epoll channel type
[01:33:26] [Server thread/INFO]: [SkinsRestorer] Loading SkinsRestorer v15.10.0
[01:33:26] [Server thread/INFO]: Server permissions file permissions.yml is empty, ignoring it
[01:33:26] [Server thread/INFO]: [SkinsRestorer] Enabling SkinsRestorer v15.10.0
[01:33:27] [Server thread/INFO]: [33;1m[[32;22mSkinsRestorer[33;1m] [0;39m[32;1mRunning on Minecraft [33;1m1.16.5[32;1m.[0;39m
[01:33:27] [Server thread/INFO]: [33;1m[[32;22mSkinsRestorer[33;1m] [0;39mUsing paper join listener![0;39m
[01:33:27] [Server thread/WARN]: [33;1m[[32;22mSkinsRestorer[33;1m] [0;39m[33;1m[33;1mYou are running an outdated Java version, please update it to at least Java 21 (your version is 11).[0;39m
[01:33:27] [Server thread/WARN]: [33;1m[[32;22mSkinsRestorer[33;1m] [0;39m[33;1m[33;1mSkinsRestorer no longer officially supports this version of Java, you are currently using an unsupported compatibility build.[0;39m
[01:33:27] [Server thread/WARN]: [33;1m[[32;22mSkinsRestorer[33;1m] [0;39m[33;1m[33;1mYou can still use the plugin, but you may encounter issues that are not present in newer versions of Java.[0;39m
[01:33:27] [Server thread/WARN]: **** SERVER IS RUNNING IN OFFLINE/INSECURE MODE!
[01:33:27] [Server thread/WARN]: The server will make no attempt to authenticate usernames. Beware.
[01:33:27] [Server thread/WARN]: While this makes the game possible to play without internet access, it also opens up the ability for hackers to connect with any username they choose.
[01:33:27] [Server thread/WARN]: To change this, set "online-mode" to "true" in the server.properties file.
[01:33:27] [Server thread/INFO]: Preparing level "world"
[01:33:27] [Server thread/INFO]: Preparing start region for dimension minecraft:overworld
[01:33:27] [Server thread/INFO]: Preparing spawn area: 0%
[01:33:27] [Server thread/INFO]: Time elapsed: 406 ms
[01:33:27] [Server thread/INFO]: Preparing start region for dimension minecraft:the_nether
[01:33:28] [Server thread/INFO]: Time elapsed: 151 ms
[01:33:28] [Server thread/INFO]: Preparing start region for dimension minecraft:the_end
[01:33:28] [Server thread/INFO]: Time elapsed: 68 ms
[01:33:28] [Server thread/INFO]: Starting GS4 status listener
[01:33:28] [Server thread/INFO]: Thread Query Listener started
[01:33:28] [Query Listener #1/INFO]: Query running on 0.0.0.0:25565
[01:33:28] [Server thread/INFO]: Running delayed init tasks
[01:33:28] [Server thread/INFO]: Done (2.954s)! For help, type "help"
[01:33:28] [Server thread/WARN]: [io.papermc.paper.util.PaperJvmChecker] ************************************************************
[01:33:28] [Server thread/WARN]: [io.papermc.paper.util.PaperJvmChecker] * WARNING - YOU ARE RUNNING AN OUTDATED VERSION OF JAVA.
[01:33:28] [Server thread/WARN]: [io.papermc.paper.util.PaperJvmChecker] * PAPER WILL STOP BEING COMPATIBLE WITH THIS VERSION OF
[01:33:28] [Server thread/WARN]: [io.papermc.paper.util.PaperJvmChecker] * JAVA WHEN MINECRAFT 1.17 IS RELEASED.
[01:33:28] [Server thread/WARN]: [io.papermc.paper.util.PaperJvmChecker] *
[01:33:28] [Server thread/WARN]: [io.papermc.paper.util.PaperJvmChecker] * Please update the version of Java you use to run Paper
[01:33:28] [Server thread/WARN]: [io.papermc.paper.util.PaperJvmChecker] * to at least Java 16. When Paper for Minecraft 1.17 is
[01:33:28] [Server thread/WARN]: [io.papermc.paper.util.PaperJvmChecker] * released support for versions of Java before 16 will
[01:33:28] [Server thread/WARN]: [io.papermc.paper.util.PaperJvmChecker] * be dropped.
[01:33:28] [Server thread/WARN]: [io.papermc.paper.util.PaperJvmChecker] *
[01:33:28] [Server thread/WARN]: [io.papermc.paper.util.PaperJvmChecker] * Current Java version: 11.0.30
[01:33:28] [Server thread/WARN]: [io.papermc.paper.util.PaperJvmChecker] *
[01:33:28] [Server thread/WARN]: [io.papermc.paper.util.PaperJvmChecker] * Check this forum post for more information: 
[01:33:28] [Server thread/WARN]: [io.papermc.paper.util.PaperJvmChecker] *   https://papermc.io/java16
[01:33:28] [Server thread/WARN]: [io.papermc.paper.util.PaperJvmChecker] ************************************************************
[01:33:28] [Server thread/INFO]: Timings Reset
[01:33:29] [Craft Scheduler Thread - 3/INFO]: [33;1m[[32;22mSkinsRestorer[33;1m] [0;39m[32;1m----------------------------------------------[0;39m
[01:33:29] [Craft Scheduler Thread - 3/INFO]: [33;1m[[32;22mSkinsRestorer[33;1m] [0;39m[32;1m    +==================+[0;39m
[01:33:29] [Craft Scheduler Thread - 3/INFO]: [33;1m[[32;22mSkinsRestorer[33;1m] [0;39m[32;1m    |   SkinsRestorer  |[0;39m
[01:33:29] [Craft Scheduler Thread - 3/INFO]: [33;1m[[32;22mSkinsRestorer[33;1m] [0;39m[32;1m    |------------------|[0;39m
[01:33:29] [Craft Scheduler Thread - 3/INFO]: [33;1m[[32;22mSkinsRestorer[33;1m] [0;39m[32;1m    |  [34;1m[4m[21mStandalone Mode[0;39m[32;1m |[0;39m
[01:33:29] [Craft Scheduler Thread - 3/INFO]: [33;1m[[32;22mSkinsRestorer[33;1m] [0;39m[32;1m    +==================+[0;39m
[01:33:29] [Craft Scheduler Thread - 3/INFO]: [33;1m[[32;22mSkinsRestorer[33;1m] [0;39m[32;1m----------------------------------------------[0;39m
[01:33:29] [Craft Scheduler Thread - 3/INFO]: [33;1m[[32;22mSkinsRestorer[33;1m] [0;39m[36;1m    Version: [32;1m15.10.0[0;39m
[01:33:29] [Craft Scheduler Thread - 3/INFO]: [33;1m[[32;22mSkinsRestorer[33;1m] [0;39m[36;1m    Commit: [32;1mfcb9320[0;39m
[01:33:29] [Craft Scheduler Thread - 3/INFO]: [33;1m[[32;22mSkinsRestorer[33;1m] [0;39m[32;1m    This is the latest version![0;39m
[01:33:29] [Craft Scheduler Thread - 3/INFO]: [33;1m[[32;22mSkinsRestorer[33;1m] [0;39m[32;1m----------------------------------------------[0;39m
[01:33:29] [Craft Scheduler Thread - 3/INFO]: [33;1m[[32;22mSkinsRestorer[33;1m] [0;39m[34;1mDo you have issues? Read our troubleshooting guide: [33;1mhttps://skinsrestorer.net/docs/troubleshooting[0;39m
[01:33:29] [Craft Scheduler Thread - 3/INFO]: [33;1m[[32;22mSkinsRestorer[33;1m] [0;39m[34;1mWant to support SkinsRestorer? Consider donating: [33;1mhttps://skinsrestorer.net/donate[0;39m
[01:36:59] [User Authenticator #1/INFO]: UUID of player RompOrTos is c5551972-6eb1-3fa6-b9af-c905864589e9
[01:37:00] [Server thread/INFO]: RompOrTos joined the game
[01:37:00] [Server thread/INFO]: RompOrTos[/127.49.104.71:34467] logged in with entity id 290 at ([world]575.088183918099, 71.40910001039505, -326.6875)
